[00:00:09] [Server thread/INFO]: Vyrnex issued server command: /msg el_wevit0 buena idea
[00:00:21] [Server thread/INFO]: el_wevit0 issued server command: /msg Vyrnex simple creamos una base pequeña para poner mi enderpel tu haces de sebo 3 minutos rompo la base del teiz te mando un mensaje haces que entren todos ala base te de conectas y yo los mato
[00:00:25] [Server thread/INFO]: Vyrnex issued server command: /msg el_wevit0 pera arreglo mi net
[00:00:42] [Server thread/INFO]: el_wevit0 issued server command: /msg Vyrnex vasmos a mejorar tu kit
[00:00:50] [Server thread/INFO]: Vyrnex issued server command: /msg el_wevit0 ok
[00:00:53] [Async Chat Thread - #154/INFO]: [Not Secure] <Vyrnex> pera
[00:00:54] [Server thread/INFO]: Vyrnex lost connection: Disconnected
[00:00:54] [Server thread/INFO]: [PHP Realm] Vyrnex left the game
[00:01:05] [Server thread/INFO]: xeroz390 lost connection: Disconnected
[00:01:05] [Server thread/INFO]: [Principality of Synex] xeroz390 left the game
[00:01:19] [User Authenticator #66/INFO]: UUID of player Vyrnex is ad6cd340-7286-35d3-9654-716132868fee
[00:01:20] [Server thread/INFO]: [PHP Realm] Vyrnex joined the game
[00:01:20] [Server thread/INFO]: Vyrnex[/127.200.122.75:54243] logged in with entity id 296221 at ([world]-2386.2405758126592, 122.0, 583.484016990488)
[00:01:36] [Server thread/INFO]: Vyrnex issued server command: /msg el_wevit0 volvi
[00:01:38] [User Authenticator #66/INFO]: UUID of player zTeiszch is 24a886a3-8fc1-3032-9fbc-872c86ec5316
[00:01:39] [Server thread/INFO]: [Holy Empire of Azrakhael] zTeiszch joined the game
[00:01:39] [Server thread/INFO]: zTeiszch[/127.18.141.175:53601] logged in with entity id 296325 at ([world]-1890.699999988079, 66.0416358338694, -323.30000001192093)
[00:01:42] [Server thread/INFO]: el_wevit0 issued server command: /msg Vyrnex te sabes las cordenadas de nuestra base destruida en ese sitio sera y la enboscada con mi perla donde los aldeanos
[00:01:46] [Async Chat Thread - #154/INFO]: [Not Secure] <zTeiszch> ae
[00:01:50] [Server thread/INFO]: Vyrnex issued server command: /msg el_wevit0 justito se unio
[00:01:50] [Async Chat Thread - #153/INFO]: [Not Secure] <zTeiszch> Tenochcatl
[00:01:56] [Async Chat Thread - #153/INFO]: [Not Secure] <zTeiszch> los puedo atacar asi no esten conectados?
[00:02:08] [Async Chat Thread - #153/INFO]: [Not Secure] <Vyrnex> zTeiszch el teno esta afk
[00:02:11] [Async Chat Thread - #153/INFO]: [Not Secure] <zTeiszch> mrd
[00:02:13] [Async Chat Thread - #153/INFO]: [Not Secure] <zTeiszch> ola Vyrnex
[00:02:16] [Async Chat Thread - #153/INFO]: [Not Secure] <Vyrnex> ola
[00:02:25] [Async Chat Thread - #153/INFO]: [Not Secure] <zTeiszch> como tas vv
[00:02:29] [Async Chat Thread - #153/INFO]: [Not Secure] <Vyrnex> vien
[00:02:32] [Server thread/INFO]: el_wevit0 issued server command: /msg Vyrnex ponte tu mejor kit
[00:02:33] [Async Chat Thread - #154/INFO]: [Not Secure] <zTeiszch> k weno
[00:02:37] [Async Chat Thread - #154/INFO]: [Not Secure] <zTeiszch> yo ya tengo 5 colonias
[00:02:37] [Async Chat Thread - #154/INFO]: [Not Secure] <zTeiszch> jeje
[00:02:44] [Async Chat Thread - #153/INFO]: [Not Secure] <Vyrnex> q qde claro solo la guerra es del juego no nos tratemos tan mal
[00:02:53] [Async Chat Thread - #153/INFO]: [Not Secure] <zTeiszch> no no w
[00:02:54] [Async Chat Thread - #153/INFO]: [Not Secure] <zTeiszch> no te odio
